Ranklogfile: 

--Cuda Summary--


+------+-----------+------+--------+--------------+-------------+------------+-----------------+-----------------+
| STID | cudaName  | CBID | #Calls | t_compute[s] | t_memcpy[s] | t_other[s] | Host->Device[B] | Device->Host[B] |
+------+-----------+------+--------+--------------+-------------+------------+-----------------+-----------------+
|    0 | cudafunc2 |   31 |      1 |         0.00 |        1.00 |       0.00 |         1048576 |               0 |
|    1 | cudafunc3 |   31 |      1 |         0.00 |       20.00 |       0.00 |               0 |          524288 |
|    2 | cudafunc4 |   13 |      3 |        30.00 |        0.00 |       0.00 |               0 |               0 |
|    5 | cudafunc1 |   13 |      5 |         5.00 |        0.00 |       0.00 |               0 |               0 |
+------+-----------+------+--------+--------------+-------------+------------+-----------------+-----------------+
Logfile: 

--Cuda Summary--


+------+-----------+------+--------+--------------+-------------+------------+-----------------+-----------------+
| STID | cudaName  | CBID | #Calls | t_compute[s] | t_memcpy[s] | t_other[s] | Host->Device[B] | Device->Host[B] |
+------+-----------+------+--------+--------------+-------------+------------+-----------------+-----------------+
|    0 | cudafunc2 |   31 |      1 |        0.000 |       1.000 |      0.000 |         1048576 |               0 |
|    1 | cudafunc3 |   31 |      1 |        0.000 |      20.000 |      0.000 |               0 |          524288 |
|    3 | cudafunc1 |   13 |      5 |        5.000 |       0.000 |      0.000 |               0 |               0 |
|    4 | cudafunc4 |   13 |      3 |       30.000 |       0.000 |      0.000 |               0 |               0 |
+------+-----------+------+--------+--------------+-------------+------------+-----------------+-----------------+
